    row 1130: bs PASV!=MEMR
    row 1131: bs PASV!=MEMR, t Ti!=T1
    row 1132: t Ti!=T2, nxta 000c!=0480
    row 1133: t T1!=T3, addr 0000c!=60480
    row 1134: t T2!=Tw
    row 1135: bs MEMR!=PASV, t T3!=T4
    row 1136: t Tw!=Ti
    row 1137: bs PASV!=MEMR, t T4!=T1
    row 1138: t Ti!=T2, nxta 000e!=0000
    row 1139: t T1!=T3, addr 0000e!=60000
    row 1284: qs F!=S  [QS flicker - tolerated]
    row 1423: qs F!=S  [QS flicker - tolerated]
seed fz1320: 95 ins, 2251 rows compared -> DIVERGE@1130 (1055 rows) [+2 qs-flicker]
seed fz1321: 68 ins, 1749 rows compared -> MATCH
seed fz1322: 50 ins, 1348 rows compared -> MATCH
seed fz1323: 55 ins, 1272 rows compared -> MATCH
seed fz1324: 87 ins, 1589 rows compared -> MATCH
seed fz1325: 69 ins, 1693 rows compared -> MATCH
seed fz1326: 74 ins, 1725 rows compared -> MATCH
seed fz1327: 95 ins, 1978 rows compared -> MATCH
seed fz1328: 56 ins, 1097 rows compared -> MATCH
seed fz1329: 83 ins, 1717 rows compared -> MATCH
seed fz1330: 92 ins, 1697 rows compared -> MATCH
seed fz1331: 88 ins, 1841 rows compared -> MATCH
seed fz1332: 36 ins, 1058 rows compared -> MATCH
seed fz1333: 40 ins, 959 rows compared -> MATCH
seed fz1334: 63 ins, 1422 rows compared -> MATCH
seed fz1335: 56 ins, 1239 rows compared -> MATCH
    row 939: data 0480!=045e
    row 940: data 0480!=045e
    row 974: nxta 0480!=045e
    row 975: addr 00480!=0045e
    row 976: data cbcf!=9090
    row 977: data cbcf!=9090
    row 980: nxta 0482!=0460
    row 981: addr 00482!=00460
    row 984: bs PASV!=CODE
    row 985: qs -!=F, bs PASV!=CODE, t Ti!=T1
    row 1652: qs F!=S  [QS flicker - tolerated]
    row 1660: qs F!=S  [QS flicker - tolerated]
seed fz1336: 83 ins, 1989 rows compared -> DIVERGE@939 (969 rows) [+2 qs-flicker]
    row 1068: bs CODE!=PASV, nxta 059e!=280f
    row 1069: bs CODE!=PASV, t T1!=Ti, addr 0059e!=6280f
    row 1070: bs CODE!=MEMR, t T2!=Ti, data 3006!=2307, ps 6!=0
    row 1071: bs PASV!=MEMR, t T3!=T1, data 3006!=2307
    row 1072: t T4!=T2, nxta 2307!=1c4f
    row 1073: bs MEMR!=PASV, t T1!=T3, addr 02307!=71c4f
    row 1074: bs MEMR!=CODE, t T2!=T4, data 1c4f!=059e, ps 7!=0
    row 1075: bs PASV!=CODE, t T3!=T1, data 1c4f!=059e
    row 1076: t T4!=T2, nxta 05a0!=3006
    row 1077: qs -!=F, bs CODE!=PASV, t T1!=T3, addr 005a0!=63006
seed fz1337: 63 ins, 1445 rows compared -> DIVERGE@1068 (19 rows)
seed fz1338: 21 ins, 820 rows compared -> MATCH
seed fz1339: 86 ins, 1759 rows compared -> MATCH
seed fz1340: 78 ins, 1655 rows compared -> MATCH
seed fz1341: 54 ins, 1132 rows compared -> MATCH
seed fz1342: 93 ins, 1873 rows compared -> MATCH
seed fz1343: 68 ins, 1275 rows compared -> MATCH
seed fz1344: 99 ins, 1791 rows compared -> MATCH
seed fz1345: 89 ins, 2064 rows compared -> MATCH
seed fz1346: 54 ins, 1195 rows compared -> MATCH
seed fz1347: 31 ins, 893 rows compared -> MATCH
seed fz1348: 32 ins, 1039 rows compared -> MATCH
seed fz1349: 86 ins, 1630 rows compared -> MATCH
seed fz1350: 68 ins, 1531 rows compared -> MATCH
seed fz1351: 53 ins, 1318 rows compared -> MATCH
seed fz1352: 34 ins, 992 rows compared -> MATCH
seed fz1353: 40 ins, 1110 rows compared -> MATCH
seed fz1354: 74 ins, 1540 rows compared -> MATCH
seed fz1355: 95 ins, 1955 rows compared -> MATCH
seed fz1356: 52 ins, 1246 rows compared -> MATCH
seed fz1357: 67 ins, 1857 rows compared -> MATCH
seed fz1358: 37 ins, 1176 rows compared -> MATCH
seed fz1359: 29 ins, 747 rows compared -> MATCH
seed fz1360: 89 ins, 1574 rows compared -> MATCH
seed fz1361: 50 ins, 1404 rows compared -> MATCH
seed fz1362: 31 ins, 1089 rows compared -> MATCH
seed fz1363: 21 ins, 896 rows compared -> MATCH
seed fz1364: 54 ins, 1480 rows compared -> MATCH
seed fz1365: 65 ins, 1315 rows compared -> MATCH
seed fz1366: 77 ins, 1606 rows compared -> MATCH
seed fz1367: 87 ins, 1703 rows compared -> MATCH
seed fz1368: 82 ins, 1556 rows compared -> MATCH
seed fz1369: 27 ins, 1011 rows compared -> MATCH
seed fz1370: 86 ins, 1785 rows compared -> MATCH
seed fz1371: 66 ins, 1705 rows compared -> MATCH
seed fz1372: 95 ins, 1926 rows compared -> MATCH
seed fz1373: 46 ins, 1094 rows compared -> MATCH
seed fz1374: 84 ins, 1634 rows compared -> MATCH
seed fz1375: 44 ins, 1279 rows compared -> MATCH
seed fz1376: 89 ins, 1468 rows compared -> MATCH
seed fz1377: 27 ins, 928 rows compared -> MATCH
seed fz1378: 42 ins, 1143 rows compared -> MATCH
seed fz1379: 86 ins, 1998 rows compared -> MATCH
seed fz1380: 38 ins, 969 rows compared -> MATCH
seed fz1381: 57 ins, 1148 rows compared -> MATCH
seed fz1382: 28 ins, 994 rows compared -> MATCH
seed fz1383: 68 ins, 1631 rows compared -> MATCH
seed fz1384: 77 ins, 1445 rows compared -> MATCH
seed fz1385: 50 ins, 1164 rows compared -> MATCH
seed fz1386: 31 ins, 906 rows compared -> MATCH
seed fz1387: 83 ins, 1668 rows compared -> MATCH
seed fz1388: 73 ins, 1201 rows compared -> MATCH
seed fz1389: 67 ins, 1538 rows compared -> MATCH
seed fz1390: 100 ins, 1867 rows compared -> MATCH
seed fz1391: 98 ins, 2197 rows compared -> MATCH
seed fz1392: 51 ins, 1397 rows compared -> MATCH
seed fz1393: 46 ins, 1195 rows compared -> MATCH
seed fz1394: 68 ins, 1661 rows compared -> MATCH
seed fz1395: 52 ins, 1245 rows compared -> MATCH
seed fz1396: 49 ins, 1366 rows compared -> MATCH
seed fz1397: 88 ins, 2100 rows compared -> MATCH
seed fz1398: 39 ins, 1085 rows compared -> MATCH
seed fz1399: 38 ins, 1162 rows compared -> MATCH
seed fz1400: 50 ins, 1328 rows compared -> MATCH
seed fz1401: 63 ins, 1428 rows compared -> MATCH
seed fz1402: 52 ins, 1075 rows compared -> MATCH
seed fz1403: 48 ins, 1227 rows compared -> MATCH
seed fz1404: 110 ins, 1788 rows compared -> MATCH
seed fz1405: 89 ins, 1714 rows compared -> MATCH
seed fz1406: 76 ins, 2104 rows compared -> MATCH
seed fz1407: 92 ins, 1855 rows compared -> MATCH
seed fz1408: 60 ins, 1224 rows compared -> MATCH
seed fz1409: 32 ins, 1103 rows compared -> MATCH
seed fz1410: 100 ins, 1855 rows compared -> MATCH
seed fz1411: 86 ins, 1562 rows compared -> MATCH
seed fz1412: 82 ins, 1864 rows compared -> MATCH
seed fz1413: 92 ins, 1699 rows compared -> MATCH
seed fz1414: 97 ins, 1778 rows compared -> MATCH
seed fz1415: 81 ins, 1572 rows compared -> MATCH
seed fz1416: 86 ins, 1719 rows compared -> MATCH
seed fz1417: 59 ins, 1434 rows compared -> MATCH
seed fz1418: 53 ins, 1320 rows compared -> MATCH
seed fz1419: 74 ins, 1725 rows compared -> MATCH

fuzz: 97/100 clean; divergent seeds: ['fz1320', 'fz1336', 'fz1337']
