00: 500/500 full  (cycles 500, arch 500)
01: 500/500 full  (cycles 500, arch 500)
02: 500/500 full  (cycles 500, arch 500)
03: 500/500 full  (cycles 500, arch 500)
04: 500/500 full  (cycles 500, arch 500)
05: 500/500 full  (cycles 500, arch 500)
06: 500/500 full  (cycles 500, arch 500)
07: 500/500 full  (cycles 500, arch 500)
08: 500/500 full  (cycles 500, arch 500)
09: 500/500 full  (cycles 500, arch 500)
0A: 500/500 full  (cycles 500, arch 500)
0B: 500/500 full  (cycles 500, arch 500)
0C: 500/500 full  (cycles 500, arch 500)
0D: 500/500 full  (cycles 500, arch 500)
0E: 500/500 full  (cycles 500, arch 500)
0F10: 500/500 full  (cycles 500, arch 500)
0F11: 500/500 full  (cycles 500, arch 500)
  0F12: 1 collision-dependent golden(s) validated under +mirror (64K RAM, as captured): idx [219]
0F12: 500/500 full  (cycles 500, arch 500)
0F13: 500/500 full  (cycles 500, arch 500)
0F14: 500/500 full  (cycles 500, arch 500)
0F15: 500/500 full  (cycles 500, arch 500)
0F16: 500/500 full  (cycles 500, arch 500)
0F17: 500/500 full  (cycles 500, arch 500)
0F18: 500/500 full  (cycles 500, arch 500)
0F19: 500/500 full  (cycles 500, arch 500)
0F1A: 500/500 full  (cycles 500, arch 500)
0F1B: 500/500 full  (cycles 500, arch 500)
0F1C: 500/500 full  (cycles 500, arch 500)
0F1D: 500/500 full  (cycles 500, arch 500)
0F1E: 500/500 full  (cycles 500, arch 500)
0F1F: 500/500 full  (cycles 500, arch 500)
0F20: 500/500 full  (cycles 500, arch 500)
0F22: 500/500 full  (cycles 500, arch 500)
0F26: 500/500 full  (cycles 500, arch 500)
0F28: 500/500 full  (cycles 500, arch 500)
0F2A: 500/500 full  (cycles 500, arch 500)
0F31: 500/500 full  (cycles 500, arch 500)
0F33: 500/500 full  (cycles 500, arch 500)
0F39: 500/500 full  (cycles 500, arch 500)
0F3B: 500/500 full  (cycles 500, arch 500)
10: 500/500 full  (cycles 500, arch 500)
11: 500/500 full  (cycles 500, arch 500)
12: 500/500 full  (cycles 500, arch 500)
13: 500/500 full  (cycles 500, arch 500)
14: 500/500 full  (cycles 500, arch 500)
15: 500/500 full  (cycles 500, arch 500)
16: 500/500 full  (cycles 500, arch 500)
17: 500/500 full  (cycles 500, arch 500)
18: 500/500 full  (cycles 500, arch 500)
19: 500/500 full  (cycles 500, arch 500)
1A: 500/500 full  (cycles 500, arch 500)
1B: 500/500 full  (cycles 500, arch 500)
1C: 500/500 full  (cycles 500, arch 500)
1D: 500/500 full  (cycles 500, arch 500)
1E: 500/500 full  (cycles 500, arch 500)
1F: 500/500 full  (cycles 500, arch 500)
20: 500/500 full  (cycles 500, arch 500)
21: 500/500 full  (cycles 500, arch 500)
22: 500/500 full  (cycles 500, arch 500)
23: 500/500 full  (cycles 500, arch 500)
24: 500/500 full  (cycles 500, arch 500)
25: 500/500 full  (cycles 500, arch 500)
26.8B: 500/500 full  (cycles 500, arch 500)
26.A4: 500/500 full  (cycles 500, arch 500)
27: 500/500 full  (cycles 500, arch 500)
28: 500/500 full  (cycles 500, arch 500)
29: 500/500 full  (cycles 500, arch 500)
2A: 500/500 full  (cycles 500, arch 500)
2B: 500/500 full  (cycles 500, arch 500)
2C: 500/500 full  (cycles 500, arch 500)
2D: 500/500 full  (cycles 500, arch 500)
2E.8B: 500/500 full  (cycles 500, arch 500)
2E.A5: 500/500 full  (cycles 500, arch 500)
2F: 500/500 full  (cycles 500, arch 500)
30: 500/500 full  (cycles 500, arch 500)
31: 500/500 full  (cycles 500, arch 500)
32: 500/500 full  (cycles 500, arch 500)
33: 500/500 full  (cycles 500, arch 500)
34: 500/500 full  (cycles 500, arch 500)
35: 500/500 full  (cycles 500, arch 500)
36.8B: 500/500 full  (cycles 500, arch 500)
36.A6: 500/500 full  (cycles 500, arch 500)
37: 500/500 full  (cycles 500, arch 500)
38: 500/500 full  (cycles 500, arch 500)
39: 500/500 full  (cycles 500, arch 500)
3A: 500/500 full  (cycles 500, arch 500)
3B: 500/500 full  (cycles 500, arch 500)
3C: 500/500 full  (cycles 500, arch 500)
3D: 500/500 full  (cycles 500, arch 500)
3E.8B: 500/500 full  (cycles 500, arch 500)
3E.AC: 500/500 full  (cycles 500, arch 500)
3F: 500/500 full  (cycles 500, arch 500)
40: 500/500 full  (cycles 500, arch 500)
48: 500/500 full  (cycles 500, arch 500)
50: 500/500 full  (cycles 500, arch 500)
58: 500/500 full  (cycles 500, arch 500)
60: 500/500 full  (cycles 500, arch 500)
61: 500/500 full  (cycles 500, arch 500)
62: 500/500 full  (cycles 500, arch 500)
64A6: 500/500 full  (cycles 500, arch 500)
64A7: 500/500 full  (cycles 500, arch 500)
64AE: 500/500 full  (cycles 500, arch 500)
64AF: 500/500 full  (cycles 500, arch 500)
65A6: 500/500 full  (cycles 500, arch 500)
65A7: 500/500 full  (cycles 500, arch 500)
65AE: 500/500 full  (cycles 500, arch 500)
65AF: 500/500 full  (cycles 500, arch 500)
66: 500/500 full  (cycles 500, arch 500)
67: 500/500 full  (cycles 500, arch 500)
68: 500/500 full  (cycles 500, arch 500)
69: 500/500 full  (cycles 500, arch 500)
6A: 500/500 full  (cycles 500, arch 500)
6B: 500/500 full  (cycles 500, arch 500)
70: 500/500 full  (cycles 500, arch 500)
71: 500/500 full  (cycles 500, arch 500)
72: 500/500 full  (cycles 500, arch 500)
73: 500/500 full  (cycles 500, arch 500)
74: 500/500 full  (cycles 500, arch 500)
75: 500/500 full  (cycles 500, arch 500)
76: 500/500 full  (cycles 500, arch 500)
77: 500/500 full  (cycles 500, arch 500)
78: 500/500 full  (cycles 500, arch 500)
79: 500/500 full  (cycles 500, arch 500)
7A: 500/500 full  (cycles 500, arch 500)
7B: 500/500 full  (cycles 500, arch 500)
7C: 500/500 full  (cycles 500, arch 500)
7D: 500/500 full  (cycles 500, arch 500)
7E: 500/500 full  (cycles 500, arch 500)
7F: 500/500 full  (cycles 500, arch 500)
80.0: 500/500 full  (cycles 500, arch 500)
80.1: 500/500 full  (cycles 500, arch 500)
80.2: 500/500 full  (cycles 500, arch 500)
80.3: 500/500 full  (cycles 500, arch 500)
80.4: 500/500 full  (cycles 500, arch 500)
80.5: 500/500 full  (cycles 500, arch 500)
80.6: 500/500 full  (cycles 500, arch 500)
80.7: 500/500 full  (cycles 500, arch 500)
81.0: 500/500 full  (cycles 500, arch 500)
81.1: 500/500 full  (cycles 500, arch 500)
81.2: 500/500 full  (cycles 500, arch 500)
81.3: 500/500 full  (cycles 500, arch 500)
81.4: 500/500 full  (cycles 500, arch 500)
81.5: 500/500 full  (cycles 500, arch 500)
81.6: 500/500 full  (cycles 500, arch 500)
81.7: 500/500 full  (cycles 500, arch 500)
83.0: 500/500 full  (cycles 500, arch 500)
83.1: 500/500 full  (cycles 500, arch 500)
83.2: 500/500 full  (cycles 500, arch 500)
83.3: 500/500 full  (cycles 500, arch 500)
83.4: 500/500 full  (cycles 500, arch 500)
83.5: 500/500 full  (cycles 500, arch 500)
83.6: 500/500 full  (cycles 500, arch 500)
83.7: 500/500 full  (cycles 500, arch 500)
84: 500/500 full  (cycles 500, arch 500)
85: 500/500 full  (cycles 500, arch 500)
86: 500/500 full  (cycles 500, arch 500)
87: 500/500 full  (cycles 500, arch 500)
88: 500/500 full  (cycles 500, arch 500)
89: 500/500 full  (cycles 500, arch 500)
8A: 500/500 full  (cycles 500, arch 500)
8B: 500/500 full  (cycles 500, arch 500)
8C: 500/500 full  (cycles 500, arch 500)
8D: 500/500 full  (cycles 500, arch 500)
8E: 500/500 full  (cycles 500, arch 500)
8F.0: 500/500 full  (cycles 500, arch 500)
90: 500/500 full  (cycles 500, arch 500)
91: 500/500 full  (cycles 500, arch 500)
92: 500/500 full  (cycles 500, arch 500)
93: 500/500 full  (cycles 500, arch 500)
94: 500/500 full  (cycles 500, arch 500)
95: 500/500 full  (cycles 500, arch 500)
96: 500/500 full  (cycles 500, arch 500)
97: 500/500 full  (cycles 500, arch 500)
98: 500/500 full  (cycles 500, arch 500)
99: 500/500 full  (cycles 500, arch 500)
9A: 500/500 full  (cycles 500, arch 500)
9C: 500/500 full  (cycles 500, arch 500)
9D: 500/500 full  (cycles 500, arch 500)
9E: 500/500 full  (cycles 500, arch 500)
9F: 500/500 full  (cycles 500, arch 500)
A0: 500/500 full  (cycles 500, arch 500)
A1: 500/500 full  (cycles 500, arch 500)
A2: 500/500 full  (cycles 500, arch 500)
A3: 500/500 full  (cycles 500, arch 500)
A4: 500/500 full  (cycles 500, arch 500)
A5: 500/500 full  (cycles 500, arch 500)
A6: 500/500 full  (cycles 500, arch 500)
A7: 500/500 full  (cycles 500, arch 500)
A8: 500/500 full  (cycles 500, arch 500)
A9: 500/500 full  (cycles 500, arch 500)
AA: 500/500 full  (cycles 500, arch 500)
AB: 500/500 full  (cycles 500, arch 500)
AC: 500/500 full  (cycles 500, arch 500)
AD: 500/500 full  (cycles 500, arch 500)
AE: 500/500 full  (cycles 500, arch 500)
AF: 500/500 full  (cycles 500, arch 500)
B0: 500/500 full  (cycles 500, arch 500)
B8: 500/500 full  (cycles 500, arch 500)
C0.0: 500/500 full  (cycles 500, arch 500)
C0.1: 500/500 full  (cycles 500, arch 500)
C0.2: 500/500 full  (cycles 500, arch 500)
C0.3: 500/500 full  (cycles 500, arch 500)
C0.4: 500/500 full  (cycles 500, arch 500)
C0.5: 500/500 full  (cycles 500, arch 500)
C0.6: 500/500 full  (cycles 500, arch 500)
C0.7: 500/500 full  (cycles 500, arch 500)
C1.0: 500/500 full  (cycles 500, arch 500)
C1.1: 500/500 full  (cycles 500, arch 500)
C1.2: 500/500 full  (cycles 500, arch 500)
C1.3: 500/500 full  (cycles 500, arch 500)
C1.4: 500/500 full  (cycles 500, arch 500)
C1.5: 500/500 full  (cycles 500, arch 500)
  C1.6: 1 collision-dependent golden(s) validated under +mirror (64K RAM, as captured): idx [205]
C1.6: 500/500 full  (cycles 500, arch 500)
C1.7: 500/500 full  (cycles 500, arch 500)
C2: 500/500 full  (cycles 500, arch 500)
C3: 500/500 full  (cycles 500, arch 500)
C4: 500/500 full  (cycles 500, arch 500)
C5: 500/500 full  (cycles 500, arch 500)
C6.0: 500/500 full  (cycles 500, arch 500)
C7.0: 500/500 full  (cycles 500, arch 500)
C8: 500/500 full  (cycles 500, arch 500)
C9: 500/500 full  (cycles 500, arch 500)
CA: 500/500 full  (cycles 500, arch 500)
CB: 500/500 full  (cycles 500, arch 500)
CC: 500/500 full  (cycles 500, arch 500)
CD: 500/500 full  (cycles 500, arch 500)
CE: 500/500 full  (cycles 500, arch 500)
CF: 500/500 full  (cycles 500, arch 500)
D0.0: 500/500 full  (cycles 500, arch 500)
D0.1: 500/500 full  (cycles 500, arch 500)
D0.2: 500/500 full  (cycles 500, arch 500)
D0.3: 500/500 full  (cycles 500, arch 500)
D0.4: 500/500 full  (cycles 500, arch 500)
D0.5: 500/500 full  (cycles 500, arch 500)
D0.6: 500/500 full  (cycles 500, arch 500)
D0.7: 500/500 full  (cycles 500, arch 500)
D1.0: 500/500 full  (cycles 500, arch 500)
D1.1: 500/500 full  (cycles 500, arch 500)
D1.2: 500/500 full  (cycles 500, arch 500)
D1.3: 500/500 full  (cycles 500, arch 500)
D1.4: 500/500 full  (cycles 500, arch 500)
D1.5: 500/500 full  (cycles 500, arch 500)
D1.6: 500/500 full  (cycles 500, arch 500)
D1.7: 500/500 full  (cycles 500, arch 500)
D2.0: 500/500 full  (cycles 500, arch 500)
D2.1: 500/500 full  (cycles 500, arch 500)
D2.2: 500/500 full  (cycles 500, arch 500)
D2.3: 500/500 full  (cycles 500, arch 500)
D2.4: 500/500 full  (cycles 500, arch 500)
D2.5: 500/500 full  (cycles 500, arch 500)
D2.6: 500/500 full  (cycles 500, arch 500)
D2.7: 500/500 full  (cycles 500, arch 500)
D3.0: 500/500 full  (cycles 500, arch 500)
D3.1: 500/500 full  (cycles 500, arch 500)
D3.2: 500/500 full  (cycles 500, arch 500)
D3.3: 500/500 full  (cycles 500, arch 500)
D3.4: 500/500 full  (cycles 500, arch 500)
D3.5: 500/500 full  (cycles 500, arch 500)
D3.6: 500/500 full  (cycles 500, arch 500)
D3.7: 500/500 full  (cycles 500, arch 500)
D4: 500/500 full  (cycles 500, arch 500)
D5: 500/500 full  (cycles 500, arch 500)
D7: 500/500 full  (cycles 500, arch 500)
D8: 500/500 full  (cycles 500, arch 500)
D9: 500/500 full  (cycles 500, arch 500)
DA: 500/500 full  (cycles 500, arch 500)
DB: 500/500 full  (cycles 500, arch 500)
DC: 500/500 full  (cycles 500, arch 500)
DD: 500/500 full  (cycles 500, arch 500)
DE: 500/500 full  (cycles 500, arch 500)
DF: 500/500 full  (cycles 500, arch 500)
E0: 500/500 full  (cycles 500, arch 500)
E1: 500/500 full  (cycles 500, arch 500)
E2: 500/500 full  (cycles 500, arch 500)
E3: 500/500 full  (cycles 500, arch 500)
E4: 500/500 full  (cycles 500, arch 500)
E5: 500/500 full  (cycles 500, arch 500)
E6: 500/500 full  (cycles 500, arch 500)
E7: 500/500 full  (cycles 500, arch 500)
E8: 500/500 full  (cycles 500, arch 500)
E9: 500/500 full  (cycles 500, arch 500)
EA: 500/500 full  (cycles 500, arch 500)
EB: 500/500 full  (cycles 500, arch 500)
EC: 500/500 full  (cycles 500, arch 500)
ED: 500/500 full  (cycles 500, arch 500)
EE: 500/500 full  (cycles 500, arch 500)
EF: 500/500 full  (cycles 500, arch 500)
F2A6: 500/500 full  (cycles 500, arch 500)
F2A7: 500/500 full  (cycles 500, arch 500)
F2AA: 500/500 full  (cycles 500, arch 500)
F2AE: 500/500 full  (cycles 500, arch 500)
F2AF: 500/500 full  (cycles 500, arch 500)
F3A4: 500/500 full  (cycles 500, arch 500)
F3A5: 500/500 full  (cycles 500, arch 500)
F3A6: 500/500 full  (cycles 500, arch 500)
F3A7: 500/500 full  (cycles 500, arch 500)
F3AA: 500/500 full  (cycles 500, arch 500)
F3AB: 500/500 full  (cycles 500, arch 500)
F3AC: 500/500 full  (cycles 500, arch 500)
F3AD: 500/500 full  (cycles 500, arch 500)
F3AE: 500/500 full  (cycles 500, arch 500)
F3AF: 500/500 full  (cycles 500, arch 500)
F5: 500/500 full  (cycles 500, arch 500)
F6.0: 500/500 full  (cycles 500, arch 500)
F6.2: 500/500 full  (cycles 500, arch 500)
F6.3: 500/500 full  (cycles 500, arch 500)
F6.4: 500/500 full  (cycles 500, arch 500)
F6.5: 500/500 full  (cycles 500, arch 500)
F6.6: 500/500 full  (cycles 500, arch 500)
F6.7: 500/500 full  (cycles 500, arch 500)
F7.0: 500/500 full  (cycles 500, arch 500)
F7.2: 500/500 full  (cycles 500, arch 500)
F7.3: 500/500 full  (cycles 500, arch 500)
  F7.4: 1 collision-dependent golden(s) validated under +mirror (64K RAM, as captured): idx [174]
F7.4: 500/500 full  (cycles 500, arch 500)
F7.5: 500/500 full  (cycles 500, arch 500)
F7.6: 500/500 full  (cycles 500, arch 500)
F7.7: 500/500 full  (cycles 500, arch 500)
F8: 500/500 full  (cycles 500, arch 500)
F9: 500/500 full  (cycles 500, arch 500)
FA: 500/500 full  (cycles 500, arch 500)
FB: 500/500 full  (cycles 500, arch 500)
FC: 500/500 full  (cycles 500, arch 500)
FD: 500/500 full  (cycles 500, arch 500)
FE.0: 500/500 full  (cycles 500, arch 500)
FE.1: 500/500 full  (cycles 500, arch 500)
FF.0: 500/500 full  (cycles 500, arch 500)
FF.1: 500/500 full  (cycles 500, arch 500)
FF.2: 500/500 full  (cycles 500, arch 500)
FF.3: 500/500 full  (cycles 500, arch 500)
FF.4: 500/500 full  (cycles 500, arch 500)
FF.5: 500/500 full  (cycles 500, arch 500)
FF.6: 500/500 full  (cycles 500, arch 500)
HLT.INT: 200/200 full  (cycles 200, arch 200)
HLT.NMI: 200/200 full  (cycles 200, arch 200)
HLT.RES: 200/200 full  (cycles 200, arch 200)
IE0.90: 200/200 full  (cycles 200, arch 200)
INT.8ED0: 200/200 full  (cycles 200, arch 200)
INT.8ED8: 200/200 full  (cycles 200, arch 200)
INT.90: 200/200 full  (cycles 200, arch 200)
INT.9D: 200/200 full  (cycles 200, arch 200)
INT.B8: 200/200 full  (cycles 200, arch 200)
INT.F3AA: 200/200 full  (cycles 200, arch 200)
INT.FB: 200/200 full  (cycles 200, arch 200)
NMI.90: 200/200 full  (cycles 200, arch 200)
NMI.B8: 200/200 full  (cycles 200, arch 200)
POLL.LO: 200/200 full  (cycles 200, arch 200)
POLL.REL: 200/200 full  (cycles 200, arch 200)

TOTAL: 169000/169000 full (cycles 169000, arch 169000)
