fz1521 k=74 forms=['pushapopa', 'inout', 'insext', 'xchg_rr', 'xlat', 'nops', 'shift_imm', 'insext', 'alu_mem', 'sregmem', 'br_near', 'callret_near', 'unary', 'incdec_ext', 'br_near', 'intn', 'alu_rr', 'strio_single', 'nops', 'ea_rich', 'sregmem', 'mulu8_r', 'mov_rm', 'xlat', 'alu_rr', 'nops', 'pushf_popf', 'ldsles']
 72 C {'bs': 4, 't1': 541, 't4': 547, 'tw': 3, 'addr': 1318, 'data': 36393, 'npops': 0} q=3 | R {'bs': 4, 't1': 541, 't4': 547, 'tw': 3, 'addr': 1318, 'data': 36393, 'npops': 0} q=3
 73 C {'bs': 5, 't1': 555, 't4': 561, 'tw': 3, 'addr': 10692, 'data': 26688, 'npops': 0} q=5 | R {'bs': 5, 't1': 555, 't4': 561, 'tw': 3, 'addr': 10692, 'data': 26688, 'npops': 0} q=5
 74 C {'bs': 6, 't1': 579, 't4': 585, 'tw': 3, 'addr': 10692, 'data': 26692, 'npops': 1} q=5 | R {'bs': 6, 't1': 581, 't4': 587, 'tw': 3, 'addr': 10692, 'data': 26692, 'npops': 1} q=5
 75 C {'bs': 4, 't1': 589, 't4': 593, 'tw': 1, 'addr': 1320, 'data': 28190, 'npops': 0} q=3 | R {'bs': 4, 't1': 591, 't4': 595, 'tw': 1, 'addr': 1320, 'data': 28190, 'npops': 0} q=3
 76 C {'bs': 5, 't1': 595, 't4': 598, 'tw': 0, 'addr': 10626, 'data': 55756, 'npops': 0} q=3 | R {'bs': 5, 't1': 597, 't4': 600, 'tw': 0, 'addr': 10626, 'data': 55756, 'npops': 0} q=3
fz1547 k=142 forms=['alu_rr', 'far_call', 'adjust', 'far_call', 'shift_imm', 'test_rr', 'test_rr', 'bound', 'mov_rm', 'alu_rr', 'inout', 'divu16_safe', 'rep_strio', 'divbound', 'inout', 'prepare', 'divbound', 'test_rr', 'callret_near', 'unary', 'sreg_rw', 'flagops', 'alu_mem', 'intn']
 140 C {'bs': 5, 't1': 980, 't4': 983, 'tw': 0, 'addr': 9152, 'data': 26082, 'npops': 0} q=4 | R {'bs': 5, 't1': 980, 't4': 983, 'tw': 0, 'addr': 9152, 'data': 26082, 'npops': 0} q=4
 141 C {'bs': 4, 't1': 984, 't4': 989, 'tw': 2, 'addr': 1406, 'data': 37008, 'npops': 1} q=4 | R {'bs': 4, 't1': 984, 't4': 989, 'tw': 2, 'addr': 1406, 'data': 37008, 'npops': 1} q=4
 142 C {'bs': 5, 't1': 994, 't4': 1000, 'tw': 3, 'addr': 128, 'data': 1152, 'npops': 0} q=4 | R {'bs': 5, 't1': 993, 't4': 999, 'tw': 3, 'addr': 128, 'data': 1152, 'npops': 0} q=4
 143 C {'bs': 5, 't1': 1002, 't4': 1008, 'tw': 3, 'addr': 130, 'data': 0, 'npops': 0} q=4 | R {'bs': 5, 't1': 1001, 't4': 1007, 'tw': 3, 'addr': 130, 'data': 0, 'npops': 0} q=4
 144 C {'bs': 6, 't1': 1014, 't4': 1018, 'tw': 1, 'addr': 16126, 'data': 61971, 'npops': 0} q=4 | R {'bs': 6, 't1': 1013, 't4': 1017, 'tw': 1, 'addr': 16126, 'data': 61971, 'npops': 0} q=4
fz1625 k=59 forms=['callret_near', 'test_rr', 'alu_rr', 'rep_string', 'shift_cl', 'rep_string', 'strio_single', 'jcc', 'alu_grp_imm_m', 'jcc', 'br_near', 'xchg_rr', 'inout', 'ea_rich', 'divbound', 'alu_mem', 'ea_rich', 'ea_rich']
 57 C {'bs': 5, 't1': 366, 't4': 370, 'tw': 1, 'addr': 9613, 'data': 33960, 'npops': 0} q=6 | R {'bs': 5, 't1': 366, 't4': 370, 'tw': 1, 'addr': 9613, 'data': 33960, 'npops': 0} q=6
 58 C {'bs': 6, 't1': 372, 't4': 375, 'tw': 0, 'addr': 11462, 'data': 43140, 'npops': 1} q=6 | R {'bs': 6, 't1': 372, 't4': 375, 'tw': 0, 'addr': 11462, 'data': 43140, 'npops': 1} q=6
 59 C {'bs': 4, 't1': 380, 't4': 385, 'tw': 2, 'addr': 1310, 'data': 10224, 'npops': 1} q=3 | R {'bs': 4, 't1': 378, 't4': 383, 'tw': 2, 'addr': 1310, 'data': 10224, 'npops': 1} q=5
 60 C {'bs': 4, 't1': 387, 't4': 391, 'tw': 1, 'addr': 1312, 'data': 53439, 'npops': 1} q=3 | R {'bs': 4, 't1': 385, 't4': 389, 'tw': 1, 'addr': 1312, 'data': 53439, 'npops': 1} q=3
 61 C {'bs': 4, 't1': 402, 't4': 407, 'tw': 2, 'addr': 1314, 'data': 64554, 'npops': 1} q=4 | R {'bs': 4, 't1': 402, 't4': 407, 'tw': 2, 'addr': 1314, 'data': 64554, 'npops': 1} q=4
fz1647 k=57 forms=['pushf_popf', 'flagops', 'push_r16', 'bitop', 'alu_mem', 'pushpop_sreg', 'unary', 'insext', 'bcd4s', 'intn', 'ea_rich', 'br_near', 'loop', 'incdec_ext', 'pop_r16', 'nops', 'alu_grp_imm_r', 'pushapopa', 'sreg_rw', 'test_rr', 'pushpop_sreg', 'test_imm', 'xchg_rr', 'incdec_r16', 'mov_imm16', 'lea', 'alu_mem', 'rep_string', 'br_near', 'mov_rr', 'lea', 'callret_near', 'rep_strio', 'mulu8_r', 'unary', 'far_call', 'shift_by1_full', 'incdec_r16', 'nops', 'indirect', 'incdec_r16', 'alu_rr', 'adjust']
 55 C {'bs': 4, 't1': 371, 't4': 374, 'tw': 0, 'addr': 1312, 'data': 10976, 'npops': 0} q=4 | R {'bs': 4, 't1': 371, 't4': 374, 'tw': 0, 'addr': 1312, 'data': 10976, 'npops': 0} q=4
 56 C {'bs': 5, 't1': 379, 't4': 382, 'tw': 0, 'addr': 10848, 'data': 40255, 'npops': 0} q=6 | R {'bs': 5, 't1': 379, 't4': 382, 'tw': 0, 'addr': 10848, 'data': 40255, 'npops': 0} q=6
 57 C {'bs': 6, 't1': 415, 't4': 418, 'tw': 0, 'addr': 10848, 'data': 40200, 'npops': 1} q=6 | R {'bs': 6, 't1': 414, 't4': 417, 'tw': 0, 'addr': 10848, 'data': 40200, 'npops': 1} q=6
 58 C {'bs': 4, 't1': 423, 't4': 428, 'tw': 2, 'addr': 1314, 'data': 697, 'npops': 1} q=3 | R {'bs': 4, 't1': 422, 't4': 427, 'tw': 2, 'addr': 1314, 'data': 697, 'npops': 1} q=3
 59 C {'bs': 4, 't1': 430, 't4': 436, 'tw': 3, 'addr': 1316, 'data': 3840, 'npops': 1} q=2 | R {'bs': 4, 't1': 429, 't4': 435, 'tw': 3, 'addr': 1316, 'data': 3840, 'npops': 1} q=2
fz1670 k=79 forms=['mov_imm16', 'mov_ri_r', 'test_rr', 'alu_mem', 'insext', 'pushf_popf', 'divbound', 'far_call', 'insext', 'shift_imm', 'mulu8_r', 'alu_mem', 'pushf_popf', 'nops', 'pop_r16', 'alu_acc_imm', 'unary', 'jcc', 'ea_rich', 'xchg_rr', 'insext', 'far_call', 'incdec_ext', 'indirect', 'mov_imm16', 'ea_rich', 'alu_grp_imm_r']
 77 C {'bs': 5, 't1': 586, 't4': 590, 'tw': 1, 'addr': 11167, 'data': 15231, 'npops': 0} q=6 | R {'bs': 5, 't1': 586, 't4': 590, 'tw': 1, 'addr': 11167, 'data': 15231, 'npops': 0} q=6
 78 C {'bs': 5, 't1': 592, 't4': 595, 'tw': 0, 'addr': 11168, 'data': 51909, 'npops': 0} q=6 | R {'bs': 5, 't1': 592, 't4': 595, 'tw': 0, 'addr': 11168, 'data': 51909, 'npops': 0} q=6
 79 C {'bs': 6, 't1': 619, 't4': 622, 'tw': 0, 'addr': 11167, 'data': 1989, 'npops': 0} q=6 | R {'bs': 6, 't1': 620, 't4': 623, 'tw': 0, 'addr': 11167, 'data': 1989, 'npops': 0} q=6
 80 C {'bs': 6, 't1': 623, 't4': 626, 'tw': 0, 'addr': 11168, 'data': 1989, 'npops': 1} q=6 | R {'bs': 6, 't1': 624, 't4': 627, 'tw': 0, 'addr': 11168, 'data': 1989, 'npops': 1} q=6
 81 C {'bs': 4, 't1': 630, 't4': 635, 'tw': 2, 'addr': 1336, 'data': 10723, 'npops': 0} q=3 | R {'bs': 4, 't1': 631, 't4': 636, 'tw': 2, 'addr': 1336, 'data': 10723, 'npops': 0} q=3
fz1709 k=101 forms=['ea_rich', 'indirect', 'incdec_r16', 'shift_by1_full', 'alu_rr', 'ea_rich', 'callret_near', 'test_rr', 'sreg_rw', 'prepare', 'push_mem', 'loop', 'alu_mem', 'pop_mem', 'test_rr', 'nops', 'rep_strio', 'alu_mem', 'br_near', 'mov_rm', 'pushf_popf', 'far_call', 'jcc', 'rep_string', 'strio_single', 'jcc', 'pop_mem', 'mov_moffs', 'jcc', 'insext', 'jcc', 'string_single']
 99 C {'bs': 5, 't1': 631, 't4': 637, 'tw': 3, 'addr': 8568, 'data': 22311, 'npops': 0} q=4 | R {'bs': 5, 't1': 631, 't4': 637, 'tw': 3, 'addr': 8568, 'data': 22311, 'npops': 0} q=4
 100 C {'bs': 4, 't1': 639, 't4': 645, 'tw': 3, 'addr': 1358, 'data': 60804, 'npops': 1} q=4 | R {'bs': 4, 't1': 639, 't4': 645, 'tw': 3, 'addr': 1358, 'data': 60804, 'npops': 1} q=4
 101 C {'bs': 5, 't1': 649, 't4': 655, 'tw': 3, 'addr': 16126, 'data': 32014, 'npops': 0} q=2 | R {'bs': 5, 't1': 650, 't4': 656, 'tw': 3, 'addr': 16126, 'data': 32014, 'npops': 0} q=2
 102 C {'bs': 6, 't1': 657, 't4': 663, 'tw': 3, 'addr': 11926, 'data': 32014, 'npops': 0} q=2 | R {'bs': 6, 't1': 658, 't4': 664, 'tw': 3, 'addr': 11926, 'data': 32014, 'npops': 0} q=2
 103 C {'bs': 4, 't1': 665, 't4': 669, 'tw': 1, 'addr': 1360, 'data': 37008, 'npops': 1} q=2 | R {'bs': 4, 't1': 666, 't4': 670, 'tw': 1, 'addr': 1360, 'data': 37008, 'npops': 1} q=2
fz1728 k=157 forms=['incdec_r16', 'rol4', 'push_imm', 'ea_rich', 'adjust', 'mov_rr', 'alu_rr', 'mov_imm8', 'strio_single', 'alu_rr', 'shift_by1', 'prepare', 'pushapopa', 'into', 'nops', 'shift_imm', 'xchg_acc', 'alu_mem', 'far_call', 'incdec_r16', 'prepare', 'sregmem', 'xchg_acc', 'pop_r16', 'incdec_ext', 'alu_acc_imm', 'push_imm', 'ea_rich', 'mov_rr', 'shift_by1_full', 'string_single', 'rep_string', 'far_call', 'br_near', 'mov_rm', 'insext', 'pushf_popf', 'lea', 'flagops', 'ea_rich', 'alu_rr', 'loop', 'alu_rr', 'alu_rr', 'push_imm', 'alu_acc_imm', 'sregmem', 'string_single']
 155 C {'bs': 6, 't1': 1017, 't4': 1021, 'tw': 1, 'addr': 10557, 'data': 17433, 'npops': 0} q=6 | R {'bs': 6, 't1': 1017, 't4': 1021, 'tw': 1, 'addr': 10557, 'data': 17433, 'npops': 0} q=6
 156 C {'bs': 6, 't1': 1023, 't4': 1026, 'tw': 0, 'addr': 10558, 'data': 6468, 'npops': 1} q=6 | R {'bs': 6, 't1': 1023, 't4': 1026, 'tw': 0, 'addr': 10558, 'data': 6468, 'npops': 1} q=6
 157 C {'bs': 4, 't1': 1031, 't4': 1034, 'tw': 0, 'addr': 1440, 'data': 14, 'npops': 0} q=3 | R {'bs': 4, 't1': 1029, 't4': 1032, 'tw': 0, 'addr': 1440, 'data': 14, 'npops': 0} q=5
 158 C {'bs': 6, 't1': 1038, 't4': 1043, 'tw': 2, 'addr': 16126, 'data': 0, 'npops': 0} q=3 | R {'bs': 4, 't1': 1033, 't4': 1038, 'tw': 2, 'addr': 1442, 'data': 5768, 'npops': 0} q=3
 159 C {'bs': 6, 't1': 1045, 't4': 1049, 'tw': 1, 'addr': 16124, 'data': 1439, 'npops': 0} q=0 | R {'bs': 6, 't1': 1040, 't4': 1044, 'tw': 1, 'addr': 16126, 'data': 0, 'npops': 0} q=5
fz1767 k=87 forms=['alu_grp_imm_m', 'ea_rich', 'callret_near', 'br_near', 'mulu8_r', 'bitop', 'inout', 'far_call', 'string_single', 'insext', 'shift_by1_full', 'divu16_safe', 'br_near', 'nops', 'incdec_ext', 'shift_cl', 'br_near', 'push_r16', 'flagops', 'indirect', 'shift_cl', 'br_near', 'mov_rr', 'bitop', 'mov_rr', 'pushpop_sreg', 'bound', 'shift_cl', 'ldsles', 'shift_by1', 'far_call', 'sregmem', 'loop', 'test_imm', 'mov_imm8', 'pop_mem', 'nops', 'alu_mem', 'incdec_ext', 'test_imm', 'mov_imm16', 'prepare', 'indirect', 'xchg_acc', 'alu_rr', 'nops', 'push_imm', 'alu_acc_imm', 'pushapopa']
 85 C {'bs': 4, 't1': 553, 't4': 558, 'tw': 2, 'addr': 1344, 'data': 47104, 'npops': 0} q=4 | R {'bs': 4, 't1': 553, 't4': 558, 'tw': 2, 'addr': 1344, 'data': 47104, 'npops': 0} q=4
 86 C {'bs': 5, 't1': 564, 't4': 570, 'tw': 3, 'addr': 11344, 'data': 64559, 'npops': 0} q=6 | R {'bs': 5, 't1': 564, 't4': 570, 'tw': 3, 'addr': 11344, 'data': 64559, 'npops': 0} q=6
 87 C {'bs': 6, 't1': 594, 't4': 600, 'tw': 3, 'addr': 11344, 'data': 64518, 'npops': 1} q=6 | R {'bs': 6, 't1': 593, 't4': 599, 'tw': 3, 'addr': 11344, 'data': 64518, 'npops': 1} q=6
 88 C {'bs': 4, 't1': 605, 't4': 611, 'tw': 3, 'addr': 1346, 'data': 3458, 'npops': 2} q=4 | R {'bs': 4, 't1': 604, 't4': 610, 'tw': 3, 'addr': 1346, 'data': 3458, 'npops': 2} q=4
 89 C {'bs': 4, 't1': 615, 't4': 619, 'tw': 1, 'addr': 1348, 'data': 12473, 'npops': 0} q=1 | R {'bs': 4, 't1': 614, 't4': 618, 'tw': 1, 'addr': 1348, 'data': 12473, 'npops': 0} q=1
fz1801 k=169 forms=['mov_imm16', 'xchg_rr', 'alu_mem', 'strio_single', 'nops', 'indirect', 'ea_rich', 'flagops', 'alu_rr', 'test_rr', 'br_near', 'test_imm', 'sregmem', 'alu_acc_imm', 'bound', 'strio_single', 'alu_grp_imm_r', 'pushapopa', 'xlat', 'adjust', 'bound', 'unary', 'shift_by1', 'insext', 'incdec_r16', 'alu_rr', 'ea_rich', 'rol4', 'inout', 'indirect', 'shift_cl', 'int3', 'insext', 'alu_mem', 'mov_rr', 'alu_rr', 'sreg_rw', 'divu16_safe', 'ldsles', 'mov_imm16', 'pushapopa', 'test_rr']
 167 C {'bs': 5, 't1': 1191, 't4': 1195, 'tw': 1, 'addr': 10961, 'data': 19903, 'npops': 0} q=6 | R {'bs': 5, 't1': 1191, 't4': 1195, 'tw': 1, 'addr': 10961, 'data': 19903, 'npops': 0} q=6
 168 C {'bs': 5, 't1': 1197, 't4': 1200, 'tw': 0, 'addr': 10962, 'data': 10284, 'npops': 0} q=6 | R {'bs': 5, 't1': 1197, 't4': 1200, 'tw': 0, 'addr': 10962, 'data': 10284, 'npops': 0} q=6
 169 C {'bs': 6, 't1': 1221, 't4': 1224, 'tw': 0, 'addr': 10961, 'data': 17964, 'npops': 0} q=6 | R {'bs': 6, 't1': 1222, 't4': 1225, 'tw': 0, 'addr': 10961, 'data': 17964, 'npops': 0} q=6
 170 C {'bs': 6, 't1': 1225, 't4': 1228, 'tw': 0, 'addr': 10962, 'data': 17964, 'npops': 2} q=6 | R {'bs': 6, 't1': 1226, 't4': 1229, 'tw': 0, 'addr': 10962, 'data': 17964, 'npops': 2} q=6
 171 C {'bs': 4, 't1': 1233, 't4': 1236, 'tw': 0, 'addr': 1438, 'data': 4351, 'npops': 0} q=3 | R {'bs': 4, 't1': 1234, 't4': 1237, 'tw': 0, 'addr': 1438, 'data': 4351, 'npops': 0} q=3
fz1807 k=56 forms=['ldsles', 'xchg_rr', 'rep_strio', 'alu_rr', 'intn', 'incdec_r16', 'mov_moffs', 'nops', 'inout', 'nops', 'sreg_rw', 'intn', 'indirect', 'mov_moffs', 'pop_r16', 'adjust', 'shift_by1', 'loop', 'ea_rich', 'shift_imm', 'test_imm', 'ea_rich', 'mov_ri_r', 'bcd4s', 'alu_grp_imm_m', 'alu_rr', 'ea_rich', 'far_call', 'xchg_rr', 'mulu8_r', 'xchg_rr', 'pushf_popf', 'alu_mem', 'push_r16', 'mov_imm8', 'alu_rr', 'pushf_popf', 'ea_rich', 'alu_grp_imm_r', 'br_near', 'pushf_popf', 'xchg_acc', 'indirect', 'incdec_r16', 'xchg_acc', 'bitop', 'alu_rr', 'pop_mem', 'xchg_acc', 'loop']
 54 C {'bs': 4, 't1': 349, 't4': 353, 'tw': 1, 'addr': 1314, 'data': 41026, 'npops': 2} q=4 | R {'bs': 4, 't1': 349, 't4': 353, 'tw': 1, 'addr': 1314, 'data': 41026, 'npops': 2} q=4
 55 C {'bs': 4, 't1': 355, 't4': 358, 'tw': 0, 'addr': 1316, 'data': 9022, 'npops': 0} q=2 | R {'bs': 4, 't1': 355, 't4': 358, 'tw': 0, 'addr': 1316, 'data': 9022, 'npops': 0} q=2
 56 C {'bs': 5, 't1': 361, 't4': 366, 'tw': 2, 'addr': 128, 'data': 1152, 'npops': 0} q=4 | R {'bs': 5, 't1': 359, 't4': 364, 'tw': 2, 'addr': 128, 'data': 1152, 'npops': 0} q=4
 57 C {'bs': 5, 't1': 368, 't4': 372, 'tw': 1, 'addr': 130, 'data': 0, 'npops': 0} q=4 | R {'bs': 5, 't1': 366, 't4': 370, 'tw': 1, 'addr': 130, 'data': 0, 'npops': 0} q=4
 58 C {'bs': 6, 't1': 378, 't4': 383, 'tw': 2, 'addr': 16126, 'data': 62022, 'npops': 0} q=4 | R {'bs': 6, 't1': 376, 't4': 381, 'tw': 2, 'addr': 16126, 'data': 62022, 'npops': 0} q=4
fz1833 k=51 forms=['rep_string', 'jcc', 'alu_grp_imm_m', 'jcc', 'adjust', 'mov_imm8', 'ea_rich', 'insext', 'jcc', 'adjust', 'push_r16', 'far_jmp', 'far_jmp', 'intn', 'alu_rr', 'adjust', 'prepare', 'alu_grp_imm_r', 'alu_grp_imm_m', 'divbound', 'mulu8_r', 'incdec_r16', 'push_imm', 'divbound', 'pushf_popf', 'ea_rich', 'divu16_safe']
 49 C {'bs': 6, 't1': 324, 't4': 328, 'tw': 1, 'addr': 10745, 'data': 38146, 'npops': 0} q=6 | R {'bs': 6, 't1': 324, 't4': 328, 'tw': 1, 'addr': 10745, 'data': 38146, 'npops': 0} q=6
 50 C {'bs': 6, 't1': 330, 't4': 333, 'tw': 0, 'addr': 10746, 'data': 38146, 'npops': 1} q=6 | R {'bs': 6, 't1': 330, 't4': 333, 'tw': 0, 'addr': 10746, 'data': 38146, 'npops': 1} q=6
 51 C {'bs': 4, 't1': 338, 't4': 343, 'tw': 2, 'addr': 1298, 'data': 32129, 'npops': 1} q=4 | R {'bs': 4, 't1': 336, 't4': 341, 'tw': 2, 'addr': 1298, 'data': 32129, 'npops': 1} q=5
 52 C {'bs': 5, 't1': 345, 't4': 351, 'tw': 3, 'addr': 10620, 'data': 12061, 'npops': 0} q=2 | R {'bs': 5, 't1': 345, 't4': 351, 'tw': 3, 'addr': 10620, 'data': 12061, 'npops': 0} q=2
 53 C {'bs': 4, 't1': 353, 't4': 359, 'tw': 3, 'addr': 1300, 'data': 54541, 'npops': 0} q=2 | R {'bs': 4, 't1': 353, 't4': 359, 'tw': 3, 'addr': 1300, 'data': 54541, 'npops': 0} q=2
fz1884 k=135 forms=['alu_mem', 'unary', 'alu_rr', 'shift_cl', 'inout', 'alu_grp_imm_m', 'far_call', 'rep_strio', 'ldsles', 'string_single', 'strio_single', 'flagops', 'alu_rr', 'string_single', 'alu_mem', 'insext', 'xlat', 'divbound', 'alu_mem', 'insext', 'xlat', 'test_rr', 'incdec_r16', 'adjust', 'ea_rich', 'nops', 'unary', 'br_near', 'callret_near']
 133 C {'bs': 4, 't1': 925, 't4': 931, 'tw': 3, 'addr': 1414, 'data': 48447, 'npops': 0} q=4 | R {'bs': 4, 't1': 925, 't4': 931, 'tw': 3, 'addr': 1414, 'data': 48447, 'npops': 0} q=4
 134 C {'bs': 5, 't1': 933, 't4': 937, 'tw': 1, 'addr': 11492, 'data': 60333, 'npops': 0} q=6 | R {'bs': 5, 't1': 933, 't4': 937, 'tw': 1, 'addr': 11492, 'data': 60333, 'npops': 0} q=6
 135 C {'bs': 6, 't1': 957, 't4': 962, 'tw': 2, 'addr': 11492, 'data': 60325, 'npops': 1} q=6 | R {'bs': 6, 't1': 958, 't4': 963, 'tw': 2, 'addr': 11492, 'data': 60325, 'npops': 1} q=6
 136 C {'bs': 5, 't1': 969, 't4': 975, 'tw': 3, 'addr': 30027, 'data': 37008, 'npops': 1} q=5 | R {'bs': 5, 't1': 970, 't4': 976, 'tw': 3, 'addr': 30027, 'data': 37008, 'npops': 1} q=5
 137 C {'bs': 4, 't1': 979, 't4': 985, 'tw': 3, 'addr': 1416, 'data': 51, 'npops': 2} q=3 | R {'bs': 4, 't1': 980, 't4': 986, 'tw': 3, 'addr': 1416, 'data': 51, 'npops': 2} q=3
fz1904 k=135 forms=['alu_grp_imm_r', 'ea_rich', 'shift_cl', 'push_r16', 'rol4', 'alu_mem', 'jmp_short', 'pop_r16', 'alu_grp_imm_m', 'test_imm', 'xchg_acc', 'pushf_popf', 'ea_rich', 'alu_mem', 'alu_rr', 'br_near', 'alu_acc_imm', 'pushf_popf', 'bitop', 'alu_mem', 'ea_rich', 'bitop', 'rep_strio', 'alu_mem', 'lea', 'jcc', 'alu_rr', 'mov_rm', 'bitop', 'mul', 'pushf_popf', 'far_jmp', 'lea', 'mov_rm', 'test_rr', 'inout', 'pushpop_sreg', 'alu_mem', 'jcxz', 'divu16_safe', 'bcd4s', 'alu_mem', 'far_call', 'alu_mem', 'bcd4s', 'alu_grp_imm_m', 'nops', 'shift_cl']
 133 C {'bs': 5, 't1': 928, 't4': 933, 'tw': 2, 'addr': 10293, 'data': 55605, 'npops': 0} q=4 | R {'bs': 5, 't1': 928, 't4': 933, 'tw': 2, 'addr': 10293, 'data': 55605, 'npops': 0} q=4
 134 C {'bs': 4, 't1': 935, 't4': 941, 'tw': 3, 'addr': 1426, 'data': 47104, 'npops': 1} q=4 | R {'bs': 4, 't1': 935, 't4': 941, 'tw': 3, 'addr': 1426, 'data': 47104, 'npops': 1} q=4
 135 C {'bs': 4, 't1': 947, 't4': 953, 'tw': 3, 'addr': 1435, 'data': 48881, 'npops': 0} q=0 | R {'bs': 4, 't1': 948, 't4': 954, 'tw': 3, 'addr': 1435, 'data': 48881, 'npops': 0} q=0
 136 C {'bs': 4, 't1': 955, 't4': 961, 'tw': 3, 'addr': 1436, 'data': 10032, 'npops': 1} q=1 | R {'bs': 4, 't1': 956, 't4': 962, 'tw': 3, 'addr': 1436, 'data': 10032, 'npops': 1} q=1
 137 C {'bs': 4, 't1': 963, 't4': 969, 'tw': 3, 'addr': 1438, 'data': 47039, 'npops': 0} q=2 | R {'bs': 4, 't1': 964, 't4': 970, 'tw': 3, 'addr': 1438, 'data': 47039, 'npops': 0} q=2
fz1950 k=171 forms=['xchg_acc', 'callret_near', 'alu_rr', 'push_r16', 'xchg_acc', 'test_rr', 'test_imm', 'shift_by1', 'far_jmp', 'rep_strio', 'ldsles', 'alu_rr', 'mulu8_r', 'ldsles', 'alu_mem', 'divbound', 'alu_rr', 'pushapopa', 'bitop', 'bound', 'ea_rich', 'mulu8_r', 'br_near', 'bound', 'rep_strio', 'shift_cl', 'int3', 'insext', 'alu_mem', 'mov_moffs', 'bound']
 169 C {'bs': 4, 't1': 1201, 't4': 1205, 'tw': 1, 'addr': 1426, 'data': 41766, 'npops': 0} q=4 | R {'bs': 4, 't1': 1201, 't4': 1205, 'tw': 1, 'addr': 1426, 'data': 41766, 'npops': 0} q=4
 170 C {'bs': 5, 't1': 1219, 't4': 1222, 'tw': 0, 'addr': 11242, 'data': 8417, 'npops': 0} q=5 | R {'bs': 5, 't1': 1219, 't4': 1222, 'tw': 0, 'addr': 11242, 'data': 8417, 'npops': 0} q=5
 171 C {'bs': 6, 't1': 1257, 't4': 1260, 'tw': 0, 'addr': 11242, 'data': 8211, 'npops': 1} q=5 | R {'bs': 6, 't1': 1256, 't4': 1259, 'tw': 0, 'addr': 11242, 'data': 8211, 'npops': 1} q=5
 172 C {'bs': 4, 't1': 1263, 't4': 1266, 'tw': 0, 'addr': 1428, 'data': 11602, 'npops': 0} q=3 | R {'bs': 4, 't1': 1262, 't4': 1265, 'tw': 0, 'addr': 1428, 'data': 11602, 'npops': 0} q=3
 173 C {'bs': 5, 't1': 1269, 't4': 1274, 'tw': 2, 'addr': 9970, 'data': 17992, 'npops': 0} q=3 | R {'bs': 5, 't1': 1268, 't4': 1273, 'tw': 2, 'addr': 9970, 'data': 17992, 'npops': 0} q=3
fz1972 k=142 forms=['incdec_r16', 'nops', 'alu_acc_imm', 'flagops', 'pushf_popf', 'mov_rr', 'alu_mem', 'jcxz', 'alu_mem', 'loop', 'pushpop_sreg', 'alu_rr', 'test_imm', 'pop_r16', 'pushapopa', 'pop_r16', 'mov_imm8', 'incdec_r16', 'callret_near', 'mov_imm8', 'callret_near', 'alu_acc_imm', 'jmp_short', 'far_jmp', 'alu_mem', 'divbound', 'alu_grp_imm_m', 'adjust', 'intn', 'pop_r16', 'lea', 'sreg_rw']
 140 C {'bs': 4, 't1': 942, 't4': 945, 'tw': 0, 'addr': 1382, 'data': 36190, 'npops': 1} q=4 | R {'bs': 4, 't1': 942, 't4': 945, 'tw': 0, 'addr': 1382, 'data': 36190, 'npops': 1} q=4
 141 C {'bs': 4, 't1': 946, 't4': 951, 'tw': 2, 'addr': 1384, 'data': 45878, 'npops': 1} q=4 | R {'bs': 4, 't1': 946, 't4': 951, 'tw': 2, 'addr': 1384, 'data': 45878, 'npops': 1} q=4
 142 C {'bs': 5, 't1': 958, 't4': 964, 'tw': 3, 'addr': 128, 'data': 1152, 'npops': 0} q=4 | R {'bs': 5, 't1': 957, 't4': 963, 'tw': 3, 'addr': 128, 'data': 1152, 'npops': 0} q=4
 143 C {'bs': 5, 't1': 966, 't4': 972, 'tw': 3, 'addr': 130, 'data': 0, 'npops': 0} q=4 | R {'bs': 5, 't1': 965, 't4': 971, 'tw': 3, 'addr': 130, 'data': 0, 'npops': 0} q=4
 144 C {'bs': 6, 't1': 978, 't4': 982, 'tw': 1, 'addr': 16130, 'data': 62087, 'npops': 0} q=4 | R {'bs': 6, 't1': 977, 't4': 981, 'tw': 1, 'addr': 16130, 'data': 62087, 'npops': 0} q=4
