+------------------------------------------------------------------------------------------------------------------------------------------------------------------------------------------------------------------------------------------------------------------------------------------------------------------------------------------------------+
; Report Timing                                                                                                                                                                                                                                                                                                                                        ;
+-------+-------------------------------------------------------------------------------------+-----------------------------------------------------------+-------------------------------------------------------------------------+-------------------------------------------------------------------------+--------------+------------+------------+
; Slack ; From Node                                                                           ; To Node                                                   ; Launch Clock                                                            ; Latch Clock                                                             ; Relationship ; Clock Skew ; Data Delay ;
+-------+-------------------------------------------------------------------------------------+-----------------------------------------------------------+-------------------------------------------------------------------------+-------------------------------------------------------------------------+--------------+------------+------------+
; 7.380 ; emu:emu|system_large:system_large|v30_core:u_core|v30u_eu:u_eu|upc_opc[4]           ; emu:emu|system_large:system_large|nec_bus:bus|ad_in_q[10] ; emu|pll|pll_inst|altera_pll_i|general[0].gpll~PLL_OUTPUT_COUNTER|divclk ; emu|pll|pll_inst|altera_pll_i|general[0].gpll~PLL_OUTPUT_COUNTER|divclk ; 31.250       ; -0.478     ; 23.262     ;
; 7.389 ; emu:emu|system_large:system_large|v30_core:u_core|v30u_eu:u_eu|upc_opc[1]~DUPLICATE ; emu:emu|system_large:system_large|nec_bus:bus|ad_in_q[10] ; emu|pll|pll_inst|altera_pll_i|general[0].gpll~PLL_OUTPUT_COUNTER|divclk ; emu|pll|pll_inst|altera_pll_i|general[0].gpll~PLL_OUTPUT_COUNTER|divclk ; 31.250       ; -0.449     ; 23.282     ;
; 7.440 ; emu:emu|system_large:system_large|v30_core:u_core|v30u_eu:u_eu|upc_opc[4]           ; emu:emu|system_large:system_large|nec_bus:bus|ad_in_q[10] ; emu|pll|pll_inst|altera_pll_i|general[0].gpll~PLL_OUTPUT_COUNTER|divclk ; emu|pll|pll_inst|altera_pll_i|general[0].gpll~PLL_OUTPUT_COUNTER|divclk ; 31.250       ; -0.478     ; 23.202     ;
; 7.449 ; emu:emu|system_large:system_large|v30_core:u_core|v30u_eu:u_eu|upc_opc[1]~DUPLICATE ; emu:emu|system_large:system_large|nec_bus:bus|ad_in_q[10] ; emu|pll|pll_inst|altera_pll_i|general[0].gpll~PLL_OUTPUT_COUNTER|divclk ; emu|pll|pll_inst|altera_pll_i|general[0].gpll~PLL_OUTPUT_COUNTER|divclk ; 31.250       ; -0.449     ; 23.222     ;
; 7.452 ; emu:emu|system_large:system_large|v30_core:u_core|v30u_eu:u_eu|upc_opc[1]~DUPLICATE ; emu:emu|system_large:system_large|nec_bus:bus|ad_in_q[10] ; emu|pll|pll_inst|altera_pll_i|general[0].gpll~PLL_OUTPUT_COUNTER|divclk ; emu|pll|pll_inst|altera_pll_i|general[0].gpll~PLL_OUTPUT_COUNTER|divclk ; 31.250       ; -0.449     ; 23.219     ;
; 7.466 ; emu:emu|system_large:system_large|v30_core:u_core|v30u_eu:u_eu|upc_opc[4]           ; emu:emu|system_large:system_large|nec_bus:bus|ad_in_q[10] ; emu|pll|pll_inst|altera_pll_i|general[0].gpll~PLL_OUTPUT_COUNTER|divclk ; emu|pll|pll_inst|altera_pll_i|general[0].gpll~PLL_OUTPUT_COUNTER|divclk ; 31.250       ; -0.478     ; 23.176     ;
; 7.480 ; emu:emu|system_large:system_large|v30_core:u_core|v30u_eu:u_eu|upc_opc[4]           ; emu:emu|system_large:system_large|nec_bus:bus|ad_in_q[10] ; emu|pll|pll_inst|altera_pll_i|general[0].gpll~PLL_OUTPUT_COUNTER|divclk ; emu|pll|pll_inst|altera_pll_i|general[0].gpll~PLL_OUTPUT_COUNTER|divclk ; 31.250       ; -0.478     ; 23.162     ;
; 7.483 ; emu:emu|system_large:system_large|v30_core:u_core|v30u_eu:u_eu|upc_opc[3]~DUPLICATE ; emu:emu|system_large:system_large|nec_bus:bus|ad_in_q[10] ; emu|pll|pll_inst|altera_pll_i|general[0].gpll~PLL_OUTPUT_COUNTER|divclk ; emu|pll|pll_inst|altera_pll_i|general[0].gpll~PLL_OUTPUT_COUNTER|divclk ; 31.250       ; -0.445     ; 23.192     ;
; 7.488 ; emu:emu|system_large:system_large|v30_core:u_core|v30u_eu:u_eu|upc_opc[4]           ; emu:emu|system_large:system_large|nec_bus:bus|ad_in_q[14] ; emu|pll|pll_inst|altera_pll_i|general[0].gpll~PLL_OUTPUT_COUNTER|divclk ; emu|pll|pll_inst|altera_pll_i|general[0].gpll~PLL_OUTPUT_COUNTER|divclk ; 31.250       ; -0.126     ; 23.506     ;
; 7.489 ; emu:emu|system_large:system_large|v30_core:u_core|v30u_eu:u_eu|upc_opc[1]~DUPLICATE ; emu:emu|system_large:system_large|nec_bus:bus|ad_in_q[10] ; emu|pll|pll_inst|altera_pll_i|general[0].gpll~PLL_OUTPUT_COUNTER|divclk ; emu|pll|pll_inst|altera_pll_i|general[0].gpll~PLL_OUTPUT_COUNTER|divclk ; 31.250       ; -0.449     ; 23.182     ;
+-------+-------------------------------------------------------------------------------------+-----------------------------------------------------------+-------------------------------------------------------------------------+-------------------------------------------------------------------------+--------------+------------+------------+
