+-----------------------------------------------------------------------------------------------------------------------------------------------------------------------------------------------------------------------------------------------------------------------------------------------------------------------------------------+
; Report Timing                                                                                                                                                                                                                                                                                                                           ;
+---------+-------------------------------------------------------+--------------------------------------------------------------------------+-------------------------------------------------------------------------+-------------------------------------------------------------------------+--------------+------------+------------+
; Slack   ; From Node                                             ; To Node                                                                  ; Launch Clock                                                            ; Latch Clock                                                             ; Relationship ; Clock Skew ; Data Delay ;
+---------+-------------------------------------------------------+--------------------------------------------------------------------------+-------------------------------------------------------------------------+-------------------------------------------------------------------------+--------------+------------+------------+
; -33.036 ; emu:emu|system_large:system_large|c_ready_q~DUPLICATE ; emu:emu|system_large:system_large|v30_core:u_core|v30u_eu:u_eu|r_kind[1] ; emu|pll|pll_inst|altera_pll_i|general[0].gpll~PLL_OUTPUT_COUNTER|divclk ; emu|pll|pll_inst|altera_pll_i|general[0].gpll~PLL_OUTPUT_COUNTER|divclk ; 31.250       ; -0.503     ; 63.653     ;
; -33.031 ; emu:emu|system_large:system_large|c_ready_q~DUPLICATE ; emu:emu|system_large:system_large|v30_core:u_core|v30u_eu:u_eu|r_kind[1] ; emu|pll|pll_inst|altera_pll_i|general[0].gpll~PLL_OUTPUT_COUNTER|divclk ; emu|pll|pll_inst|altera_pll_i|general[0].gpll~PLL_OUTPUT_COUNTER|divclk ; 31.250       ; -0.503     ; 63.648     ;
; -33.005 ; emu:emu|system_large:system_large|c_ready_q~DUPLICATE ; emu:emu|system_large:system_large|v30_core:u_core|v30u_eu:u_eu|r_kind[1] ; emu|pll|pll_inst|altera_pll_i|general[0].gpll~PLL_OUTPUT_COUNTER|divclk ; emu|pll|pll_inst|altera_pll_i|general[0].gpll~PLL_OUTPUT_COUNTER|divclk ; 31.250       ; -0.503     ; 63.622     ;
; -33.000 ; emu:emu|system_large:system_large|c_ready_q~DUPLICATE ; emu:emu|system_large:system_large|v30_core:u_core|v30u_eu:u_eu|r_kind[1] ; emu|pll|pll_inst|altera_pll_i|general[0].gpll~PLL_OUTPUT_COUNTER|divclk ; emu|pll|pll_inst|altera_pll_i|general[0].gpll~PLL_OUTPUT_COUNTER|divclk ; 31.250       ; -0.503     ; 63.617     ;
; -32.998 ; emu:emu|system_large:system_large|c_ready_q~DUPLICATE ; emu:emu|system_large:system_large|v30_core:u_core|v30u_eu:u_eu|r_kind[1] ; emu|pll|pll_inst|altera_pll_i|general[0].gpll~PLL_OUTPUT_COUNTER|divclk ; emu|pll|pll_inst|altera_pll_i|general[0].gpll~PLL_OUTPUT_COUNTER|divclk ; 31.250       ; -0.503     ; 63.615     ;
; -32.997 ; emu:emu|system_large:system_large|c_ready_q~DUPLICATE ; emu:emu|system_large:system_large|v30_core:u_core|v30u_eu:u_eu|r_kind[1] ; emu|pll|pll_inst|altera_pll_i|general[0].gpll~PLL_OUTPUT_COUNTER|divclk ; emu|pll|pll_inst|altera_pll_i|general[0].gpll~PLL_OUTPUT_COUNTER|divclk ; 31.250       ; -0.503     ; 63.614     ;
; -32.993 ; emu:emu|system_large:system_large|c_ready_q~DUPLICATE ; emu:emu|system_large:system_large|v30_core:u_core|v30u_eu:u_eu|r_kind[1] ; emu|pll|pll_inst|altera_pll_i|general[0].gpll~PLL_OUTPUT_COUNTER|divclk ; emu|pll|pll_inst|altera_pll_i|general[0].gpll~PLL_OUTPUT_COUNTER|divclk ; 31.250       ; -0.503     ; 63.610     ;
; -32.992 ; emu:emu|system_large:system_large|c_ready_q~DUPLICATE ; emu:emu|system_large:system_large|v30_core:u_core|v30u_eu:u_eu|r_kind[1] ; emu|pll|pll_inst|altera_pll_i|general[0].gpll~PLL_OUTPUT_COUNTER|divclk ; emu|pll|pll_inst|altera_pll_i|general[0].gpll~PLL_OUTPUT_COUNTER|divclk ; 31.250       ; -0.503     ; 63.609     ;
; -32.981 ; emu:emu|system_large:system_large|c_ready_q~DUPLICATE ; emu:emu|system_large:system_large|v30_core:u_core|v30u_eu:u_eu|r_kind[1] ; emu|pll|pll_inst|altera_pll_i|general[0].gpll~PLL_OUTPUT_COUNTER|divclk ; emu|pll|pll_inst|altera_pll_i|general[0].gpll~PLL_OUTPUT_COUNTER|divclk ; 31.250       ; -0.503     ; 63.598     ;
; -32.977 ; emu:emu|system_large:system_large|c_ready_q~DUPLICATE ; emu:emu|system_large:system_large|v30_core:u_core|v30u_eu:u_eu|r_kind[1] ; emu|pll|pll_inst|altera_pll_i|general[0].gpll~PLL_OUTPUT_COUNTER|divclk ; emu|pll|pll_inst|altera_pll_i|general[0].gpll~PLL_OUTPUT_COUNTER|divclk ; 31.250       ; -0.503     ; 63.594     ;
+---------+-------------------------------------------------------+--------------------------------------------------------------------------+-------------------------------------------------------------------------+-------------------------------------------------------------------------+--------------+------------+------------+
